app/api/places/fetch-favorites/route.ts(53,9): error TS2322: Type '{ attractions: OpenTripMapPlace[]; restaurants: OpenTripMapPlace[]; cafes: OpenTripMapPlace[]; nature: OpenTripMapPlace[]; museums: OpenTripMapPlace[]; lastUpdated: string; }' is not assignable to type 'InputJsonValue | null | undefined'.
  Type '{ attractions: OpenTripMapPlace[]; restaurants: OpenTripMapPlace[]; cafes: OpenTripMapPlace[]; nature: OpenTripMapPlace[]; museums: OpenTripMapPlace[]; lastUpdated: string; }' is not assignable to type 'InputJsonObject'.
    Property 'attractions' is incompatible with index signature.
      Type 'OpenTripMapPlace[]' is not assignable to type 'InputJsonValue | null | undefined'.
        Type 'OpenTripMapPlace[]' is not assignable to type 'InputJsonObject'.
          Index signature for type 'string' is missing in type 'OpenTripMapPlace[]'.
